// Jest Snapshot v1, https://goo.gl/fbAQLP

exports[`renders MainPage 1`] = `ShallowWrapper {}`;
